// Jest Snapshot v1, https://goo.gl/fbAQLP

exports[`snapshots renders App component correctly 1`] = `
<div
  className="container about"
>
  <p>
    Learn different food recipes via this website
  </p>
  <p>
    All data in these website come from The MealDb api
  </p>
</div>
`;
